2024-01-15 08:00:00 INFO: Application server started successfully on port 8080
2024-01-15 08:00:05 INFO: Database connection pool initialized (max: 100 connections)
2024-01-15 08:00:10 INFO: Cache service started (Redis v6.2.6)
2024-01-15 08:15:22 ERROR: Database connection timeout after 30 seconds
2024-01-15 08:15:22 ERROR: Stack trace: SQLException at UserService.java:145
2024-01-15 08:15:25 WARNING: Retrying database connection (attempt 1/3)
2024-01-15 08:15:30 ERROR: Database connection timeout after 30 seconds
2024-01-15 08:15:35 WARNING: Retrying database connection (attempt 2/3)
2024-01-15 08:15:40 ERROR: Database connection timeout after 30 seconds
2024-01-15 08:15:45 CRITICAL: Database unavailable - entering degraded mode
2024-01-15 08:16:00 WARNING: Operating in degraded mode - some features disabled
2024-01-15 08:20:00 INFO: User 'john.doe' logged in from 192.168.1.50
2024-01-15 08:25:00 WARNING: Cache miss rate exceeding threshold (45%, target: 20%)
2024-01-15 08:30:00 INFO: Processing user request ID: 12345
2024-01-15 08:30:15 WARNING: Response time for /api/users exceeded SLA: 2.5s (threshold: 2s)
2024-01-15 08:35:00 ERROR: Authentication failure for user 'admin' from 10.0.0.100
2024-01-15 08:35:05 ERROR: Authentication failure for user 'admin' from 10.0.0.100
2024-01-15 08:35:10 ERROR: Authentication failure for user 'admin' from 10.0.0.100
2024-01-15 08:35:15 ERROR: Authentication failure for user 'admin' from 10.0.0.100
2024-01-15 08:35:20 ERROR: Authentication failure for user 'admin' from 10.0.0.100
2024-01-15 08:35:25 CRITICAL: Multiple failed login attempts detected - possible brute force attack
2024-01-15 08:35:30 WARNING: IP address 10.0.0.100 has been temporarily blocked (duration: 1 hour)
2024-01-15 08:40:00 ERROR: Connection pool exhausted - max 100 connections reached
2024-01-15 08:40:05 WARNING: 50 requests queued waiting for available connections
2024-01-15 08:45:00 ERROR: Memory allocation failed - cannot allocate 2GB for cache expansion
2024-01-15 08:45:05 WARNING: Memory usage at 95% capacity (7.6GB/8GB)
2024-01-15 08:45:10 CRITICAL: Out of memory condition detected
2024-01-15 08:45:15 INFO: Initiating emergency garbage collection
2024-01-15 08:45:30 INFO: Garbage collection completed - freed 1.5GB
2024-01-15 08:45:35 INFO: Memory usage reduced to 75% capacity (6GB/8GB)
2024-01-15 09:00:00 ERROR: Failed to connect to external payment API: timeout after 30s
2024-01-15 09:00:05 WARNING: Payment service degraded - using fallback provider
2024-01-15 09:15:00 ERROR: Database query timeout: SELECT * FROM orders WHERE created_at > '2024-01-01'
2024-01-15 09:15:05 WARNING: Query took 45 seconds (threshold: 5 seconds)
2024-01-15 09:30:00 INFO: Scheduled backup initiated
2024-01-15 09:30:45 INFO: Database backup completed successfully (size: 5.2GB)
2024-01-15 09:30:50 INFO: Backup uploaded to S3 bucket: backups-production
2024-01-15 10:00:00 ERROR: SSL certificate validation failed for api.external-service.com
2024-01-15 10:00:05 CRITICAL: Cannot establish secure connection to payment gateway
2024-01-15 10:00:10 WARNING: Falling back to secondary payment gateway
2024-01-15 10:15:00 INFO: Database connection restored
2024-01-15 10:15:05 INFO: Exiting degraded mode - all services operational
2024-01-15 10:30:00 WARNING: Disk usage on /var at 85% capacity
2024-01-15 10:30:05 INFO: Log rotation initiated
2024-01-15 10:45:00 ERROR: NullPointerException in OrderProcessor.processPayment()
2024-01-15 10:45:00 ERROR: at com.example.OrderProcessor.processPayment(OrderProcessor.java:234)
2024-01-15 10:45:05 WARNING: Order processing failed for order ID: ORD-123456
2024-01-15 11:00:00 INFO: System health check passed
2024-01-15 11:00:05 INFO: All services nominal - uptime: 3 hours
