2024-01-15 08:00:00 INFO: Security monitoring service started
2024-01-15 08:00:05 INFO: Firewall rules loaded: 247 active rules
2024-01-15 08:15:00 INFO: User 'john.doe' logged in from 192.168.1.50 (workstation-42)
2024-01-15 08:30:00 INFO: User 'jane.smith' logged in from 192.168.1.75 (laptop-15)
2024-01-15 09:00:00 WARNING: Failed login attempt for user 'admin' from 10.0.0.100
2024-01-15 09:00:05 WARNING: Failed login attempt for user 'admin' from 10.0.0.100
2024-01-15 09:00:10 WARNING: Failed login attempt for user 'admin' from 10.0.0.100
2024-01-15 09:00:15 WARNING: Failed login attempt for user 'admin' from 10.0.0.100
2024-01-15 09:00:20 WARNING: Failed login attempt for user 'admin' from 10.0.0.100
2024-01-15 09:00:25 ERROR: Account 'admin' locked due to multiple failed login attempts
2024-01-15 09:00:30 CRITICAL: Possible brute force attack detected from IP: 10.0.0.100
2024-01-15 09:00:35 INFO: IP address 10.0.0.100 blocked by firewall (duration: 24 hours)
2024-01-15 09:00:40 INFO: Alert sent to security team regarding suspicious activity
2024-01-15 09:30:00 WARNING: Failed login attempt for user 'root' from 172.16.0.50
2024-01-15 09:30:05 WARNING: Root login attempts are not allowed from remote hosts
2024-01-15 09:30:10 ERROR: Security policy violation - root access attempt logged
2024-01-15 10:00:00 CRITICAL: Unauthorized file access attempt to /etc/shadow
2024-01-15 10:00:05 ERROR: Process 'suspicious_app' (PID 8765) attempted unauthorized access
2024-01-15 10:00:10 WARNING: Process terminated by security policy
2024-01-15 10:00:15 INFO: Incident logged and reported to security operations center
2024-01-15 10:30:00 WARNING: Privilege escalation detected for user 'service_account'
2024-01-15 10:30:05 WARNING: User attempted sudo without proper authorization
2024-01-15 10:30:10 ERROR: Sudo attempt denied for service_account
2024-01-15 11:00:00 ERROR: SSL certificate expired for domain api.example.com
2024-01-15 11:00:05 CRITICAL: HTTPS services may be affected
2024-01-15 11:00:10 WARNING: Clients may receive security warnings
2024-01-15 11:00:15 INFO: Certificate renewal process initiated automatically
2024-01-15 11:30:00 INFO: New SSL certificate issued by Let's Encrypt
2024-01-15 11:30:05 INFO: Certificate installed and services restarted
2024-01-15 12:00:00 INFO: Routine security scan initiated
2024-01-15 12:15:00 WARNING: Vulnerability scan found 3 medium-severity issues
2024-01-15 12:15:05 WARNING: CVE-2023-12345: OpenSSL vulnerability detected
2024-01-15 12:15:10 WARNING: CVE-2023-67890: Nginx vulnerability detected
2024-01-15 12:15:15 WARNING: CVE-2023-11111: PostgreSQL vulnerability detected
2024-01-15 12:15:20 INFO: Security patches available for all vulnerabilities
2024-01-15 12:30:00 INFO: Security patches applied successfully
2024-01-15 12:30:05 INFO: Services restarted with updated versions
2024-01-15 13:00:00 WARNING: Firewall rule violation detected from 172.16.0.50
2024-01-15 13:00:05 WARNING: Attempted connection to restricted port 3306 (MySQL)
2024-01-15 13:00:10 ERROR: Connection blocked by firewall policy
2024-01-15 13:00:15 INFO: Source IP logged for security review
2024-01-15 14:00:00 ERROR: Suspicious file modification detected: /etc/passwd
2024-01-15 14:00:05 CRITICAL: File integrity monitoring alert triggered
2024-01-15 14:00:10 WARNING: Investigating unauthorized file changes
2024-01-15 14:00:15 INFO: File change attributed to automated system update
2024-01-15 14:00:20 INFO: Change verified and approved
2024-01-15 15:00:00 WARNING: Port scan detected from 203.0.113.100
2024-01-15 15:00:05 WARNING: Sequential scan of ports 1-1024
2024-01-15 15:00:10 ERROR: Possible reconnaissance activity
2024-01-15 15:00:15 INFO: IP 203.0.113.100 added to blocklist
2024-01-15 15:00:20 INFO: Security team notified of port scan activity
2024-01-15 16:00:00 INFO: User 'bob.wilson' granted temporary elevated privileges
2024-01-15 16:00:05 INFO: Privilege escalation authorized by security admin
2024-01-15 16:00:10 INFO: Privileges expire at 18:00:00
2024-01-15 16:30:00 WARNING: Malware signature detected in uploaded file
2024-01-15 16:30:05 ERROR: File quarantined: upload_12345.exe
2024-01-15 16:30:10 CRITICAL: Potential malware infection prevented
2024-01-15 16:30:15 INFO: File sender notified and upload rejected
2024-01-15 17:00:00 INFO: VPN connection established for user 'remote_worker'
2024-01-15 17:00:05 INFO: Two-factor authentication successful
2024-01-15 17:00:10 INFO: User connected from IP: 98.76.54.32
2024-01-15 18:00:00 INFO: Temporary privileges expired for user 'bob.wilson'
2024-01-15 18:00:05 INFO: User permissions reverted to standard level
2024-01-15 19:00:00 WARNING: Unusual login time detected for user 'jane.smith'
2024-01-15 19:00:05 WARNING: Login from unfamiliar location: 45.67.89.123
2024-01-15 19:00:10 INFO: Additional authentication required
2024-01-15 19:00:15 INFO: Multi-factor authentication challenge sent
2024-01-15 19:00:30 INFO: Authentication successful - user identity confirmed
2024-01-15 20:00:00 INFO: Daily security audit completed
2024-01-15 20:00:05 INFO: Audit results: 15 warnings, 7 errors, 0 critical incidents
2024-01-15 20:00:10 INFO: All incidents resolved or properly escalated
2024-01-15 21:00:00 WARNING: API rate limit exceeded for client: mobile-app-v2.3
2024-01-15 21:00:05 WARNING: Client throttled to prevent abuse
2024-01-15 21:00:10 INFO: Rate limit: 1000 requests/hour
2024-01-15 22:00:00 INFO: Backup encryption keys rotated
2024-01-15 22:00:05 INFO: Old keys archived securely
2024-01-15 22:00:10 INFO: New keys distributed to authorized systems
2024-01-15 23:00:00 INFO: Security monitoring - end of day report
2024-01-15 23:00:05 INFO: Total login attempts: 247 (235 successful, 12 failed)
2024-01-15 23:00:10 INFO: Security incidents: 5 (all resolved)
2024-01-15 23:00:15 INFO: System security status: NORMAL
